// Jest Snapshot v1, https://goo.gl/fbAQLP

exports[`calculate snapshot test 1`] = `
Object {
  "next": null,
  "operation": null,
  "total": "12",
}
`;
