// Jest Snapshot v1, https://goo.gl/fbAQLP

exports[`operate snapshot test 1`] = `"2"`;
